Checking iDom_server_OOP/arduino/arduino_iDom/LED.cpp...
1/53 files checked 1% done
Checking iDom_server_OOP/libs/alarm clock/alarmClockTEST/alarm_clock.cpp...
2/53 files checked 2% done
Checking iDom_server_OOP/libs/alarm clock/alarmClockTEST/main.cpp...
3/53 files checked 3% done
Checking iDom_server_OOP/libs/config_files/config_files.cpp...
Checking iDom_server_OOP/libs/config_files/config_files.cpp: _WIN32...
4/53 files checked 4% done
Checking iDom_server_OOP/libs/event_counter_test/event_counters/event/event_command.cpp...
5/53 files checked 4% done
Checking iDom_server_OOP/libs/event_counter_test/event_counters/event/event_mpd.cpp...
6/53 files checked 4% done
Checking iDom_server_OOP/libs/event_counter_test/event_counters/event/event_pilot.cpp...
7/53 files checked 4% done
Checking iDom_server_OOP/libs/event_counter_test/event_counters/event/event_unknown.cpp...
8/53 files checked 4% done
Checking iDom_server_OOP/libs/event_counter_test/event_counters/event/new_connect_event.cpp...
9/53 files checked 4% done
Checking iDom_server_OOP/libs/event_counter_test/event_counters/event_counters.cpp...
10/53 files checked 5% done
Checking iDom_server_OOP/libs/event_counter_test/event_counters/event_counters_handler.cpp...
11/53 files checked 7% done
Checking iDom_server_OOP/libs/event_counter_test/main.cpp...
12/53 files checked 8% done
Checking iDom_server_OOP/libs/sunrise-sunset/sunriseSunsetTEST/main.cpp...
13/53 files checked 8% done
Checking iDom_server_OOP/libs/sunrise-sunset/sunriseset.cpp...
14/53 files checked 15% done
Checking iDom_server_OOP/src/CRON/cron.cpp...
15/53 files checked 18% done
Checking iDom_server_OOP/src/KEY/key.cpp...
16/53 files checked 23% done
Checking iDom_server_OOP/src/LCD_c/lcd_c.cpp...
17/53 files checked 25% done
Checking iDom_server_OOP/src/blockQueue/blockqueue.cpp...
18/53 files checked 25% done
Checking iDom_server_OOP/src/c_connection/c_connection.cpp...
19/53 files checked 28% done
Checking iDom_server_OOP/src/c_connection/c_connection2.cpp...
20/53 files checked 28% done
Checking iDom_server_OOP/src/c_connection/c_connection_node.cpp...
21/53 files checked 29% done
Checking iDom_server_OOP/src/c_irda_logic/c_irda_logic.cpp...
22/53 files checked 37% done
Checking iDom_server_OOP/src/c_master_irda/master_irda.cpp...
23/53 files checked 39% done
Checking iDom_server_OOP/src/command/command.cpp...
24/53 files checked 39% done
Checking iDom_server_OOP/src/command/commandClass/command_big.cpp...
25/53 files checked 40% done
Checking iDom_server_OOP/src/command/commandClass/command_clock.cpp...
26/53 files checked 40% done
Checking iDom_server_OOP/src/command/commandClass/command_cmd.cpp...
27/53 files checked 40% done
Checking iDom_server_OOP/src/command/commandClass/command_event.cpp...
28/53 files checked 41% done
Checking iDom_server_OOP/src/command/commandClass/command_hello.cpp...
29/53 files checked 41% done
Checking iDom_server_OOP/src/command/commandClass/command_help.cpp...
30/53 files checked 42% done
Checking iDom_server_OOP/src/command/commandClass/command_idom.cpp...
31/53 files checked 44% done
Checking iDom_server_OOP/src/command/commandClass/command_ip.cpp...
32/53 files checked 44% done
Checking iDom_server_OOP/src/command/commandClass/command_mpd.cpp...
33/53 files checked 46% done
Checking iDom_server_OOP/src/command/commandClass/command_ok.cpp...
34/53 files checked 46% done
Checking iDom_server_OOP/src/command/commandClass/command_put.cpp...
35/53 files checked 47% done
Checking iDom_server_OOP/src/command/commandClass/command_show.cpp...
36/53 files checked 49% done
Checking iDom_server_OOP/src/command/commandClass/command_sleep.cpp...
37/53 files checked 50% done
Checking iDom_server_OOP/src/command/commandClass/command_uptime.cpp...
38/53 files checked 51% done
Checking iDom_server_OOP/src/command/commandClass/commandexit.cpp...
39/53 files checked 51% done
Checking iDom_server_OOP/src/command/commandClass/commandrs232.cpp...
40/53 files checked 52% done
Checking iDom_server_OOP/src/command/commandClass/commandtest.cpp...
41/53 files checked 52% done
Checking iDom_server_OOP/src/command/commandhandler.cpp...
42/53 files checked 54% done
Checking iDom_server_OOP/src/files_tree/files_tree.cpp...
43/53 files checked 57% done
Checking iDom_server_OOP/src/files_tree/main.cpp...
44/53 files checked 58% done
Checking iDom_server_OOP/src/functions/functions.cpp...
45/53 files checked 64% done
Checking iDom_server_OOP/src/functions/mpd_cli.cpp...
46/53 files checked 73% done
Checking iDom_server_OOP/src/iDomTools/idomtools.cpp...
47/53 files checked 77% done
Checking iDom_server_OOP/src/iDomTools/main.cpp...
48/53 files checked 78% done
Checking iDom_server_OOP/src/iDom_server_OOP.cpp...
49/53 files checked 89% done
Checking iDom_server_OOP/src/logger/logger.cc...
50/53 files checked 92% done
Checking iDom_server_OOP/src/menu_tree/main.cpp...
51/53 files checked 93% done
Checking iDom_server_OOP/src/menu_tree/menu_tree.cpp...
52/53 files checked 96% done
Checking iDom_server_OOP/src/parser/parser.cpp...
53/53 files checked 100% done
